guest:
  advisory:read
  assistant:ask
  crop:read
  dictionary:read
  media:read
  media:upload
  profile:read
  scan:create
  scan:read
  weather:read
farmer:
  advisory:read
  alert:read
  assistant:ask
  crop:read
  dictionary:read
  field:create
  field:read
  field:write
  media:read
  media:upload
  profile:read
  profile:write
  scan:create
  scan:read
  scan:sync
  subscription:write
  weather:read
field_officer:
  advisory:read
  alert:read
  assistant:ask
  crop:read
  dictionary:read
  field:create
  field:read
  field:read_any
  field:write
  media:read
  media:upload
  profile:read
  profile:write
  scan:create
  scan:read
  scan:read_any
  scan:sync
  subscription:write
  weather:read
agronomist:
  advisory:read
  alert:read
  alert:write
  assistant:ask
  crop:read
  dictionary:read
  field:create
  field:read
  field:read_any
  field:write
  media:read
  media:upload
  profile:read
  profile:write
  scan:create
  scan:read
  scan:read_any
  scan:sync
  subscription:write
  weather:read
admin:
  advisory:read
  alert:read
  alert:write
  assistant:ask
  crop:read
  dictionary:read
  dictionary:write
  field:create
  field:read
  field:read_any
  field:write
  field:write_any
  media:read
  media:upload
  metrics:read
  profile:read
  profile:write
  scan:create
  scan:read
  scan:read_any
  scan:sync
  subscription:write
  user:manage
  voice:write
  weather:read
