advisory.invalid_input           validation    400
advisory.no_candidates           not_found     404
advisory.rotation_cycle          internal      500
ai.invalid_input                 validation    400
ai.unavailable                   unavailable   503
alert.invalid_subscription       validation    400
alert.not_found                  not_found     404
auth.forbidden                   forbidden     403
auth.guest_disabled              forbidden     403
auth.invalid_phone               validation    400
auth.invalid_token               unauthorized  401
auth.otp_expired                 unauthorized  401
auth.otp_invalid                 unauthorized  401
auth.otp_locked                  rate_limited  429
auth.otp_rate_limited            rate_limited  429
auth.refresh_invalid             unauthorized  401
auth.refresh_reused              unauthorized  401
auth.required                    unauthorized  401
auth.session_revoked             unauthorized  401
database.unavailable             unavailable   503
farm.crop_not_found              not_found     404
farm.field_not_found             not_found     404
farm.invalid_area                validation    400
farm.invalid_field               validation    400
farm.invalid_location            validation    400
i18n.invalid_entry               validation    400
i18n.language_not_found          not_found     404
internal                         internal      500
media.checksum_mismatch          validation    400
media.not_found                  not_found     404
media.not_uploaded               conflict      409
media.ticket_invalid             unauthorized  401
media.too_large                  validation    400
media.unsupported_type           validation    400
panic                            internal      500
request.bad_param                validation    400
request.invalid                  validation    400
request.malformed                validation    400
request.rate_limited             rate_limited  429
request.too_large                validation    400
route.not_found                  not_found     404
scan.analysis_failed             unavailable   503
scan.invalid                     validation    400
scan.invalid_transition          conflict      409
scan.not_found                   not_found     404
user.invalid_profile             validation    400
user.not_found                   not_found     404
user.phone_taken                 conflict      409
weather.invalid_location         validation    400
weather.unavailable              unavailable   503
